Archive member included because of file (symbol)

..\..\..\libpdmfilter_gcc.a(pdm_filter.o)
                              ..\obj\main.o (PDM_Filter_Init)
c:/program files/gnu tools arm embedded/4.9 2015q2/bin/../lib/gcc/arm-none-eabi/4.9.3/../../../../arm-none-eabi/lib/armv7e-m/softfp\libm.a(lib_a-s_lround.o)
                              ..\obj\stm32f4_discovery_lcd.o (lround)
c:/program files/gnu tools arm embedded/4.9 2015q2/bin/../lib/gcc/arm-none-eabi/4.9.3/../../../../arm-none-eabi/lib/armv7e-m/softfp\libm.a(lib_a-wf_sqrt.o)
                              ..\obj\arm_cmplx_mag_f32.o (sqrtf)
c:/program files/gnu tools arm embedded/4.9 2015q2/bin/../lib/gcc/arm-none-eabi/4.9.3/../../../../arm-none-eabi/lib/armv7e-m/softfp\libm.a(lib_a-ef_sqrt.o)
                              c:/program files/gnu tools arm embedded/4.9 2015q2/bin/../lib/gcc/arm-none-eabi/4.9.3/../../../../arm-none-eabi/lib/armv7e-m/softfp\libm.a(lib_a-wf_sqrt.o) (__ieee754_sqrtf)
c:/program files/gnu tools arm embedded/4.9 2015q2/bin/../lib/gcc/arm-none-eabi/4.9.3/../../../../arm-none-eabi/lib/armv7e-m/softfp\libm.a(lib_a-s_lib_ver.o)
                              c:/program files/gnu tools arm embedded/4.9 2015q2/bin/../lib/gcc/arm-none-eabi/4.9.3/../../../../arm-none-eabi/lib/armv7e-m/softfp\libm.a(lib_a-wf_sqrt.o) (__fdlib_version)
c:/program files/gnu tools arm embedded/4.9 2015q2/bin/../lib/gcc/arm-none-eabi/4.9.3/../../../../arm-none-eabi/lib/armv7e-m/softfp\libm.a(lib_a-s_matherr.o)
                              c:/program files/gnu tools arm embedded/4.9 2015q2/bin/../lib/gcc/arm-none-eabi/4.9.3/../../../../arm-none-eabi/lib/armv7e-m/softfp\libm.a(lib_a-wf_sqrt.o) (matherr)
c:/program files/gnu tools arm embedded/4.9 2015q2/bin/../lib/gcc/arm-none-eabi/4.9.3/../../../../arm-none-eabi/lib/armv7e-m/softfp\libm.a(lib_a-sf_fpclassify.o)
                              c:/program files/gnu tools arm embedded/4.9 2015q2/bin/../lib/gcc/arm-none-eabi/4.9.3/../../../../arm-none-eabi/lib/armv7e-m/softfp\libm.a(lib_a-wf_sqrt.o) (__fpclassifyf)
c:/program files/gnu tools arm embedded/4.9 2015q2/bin/../lib/gcc/arm-none-eabi/4.9.3/armv7e-m/softfp\libgcc.a(_arm_addsubdf3.o)
                              ..\..\..\libpdmfilter_gcc.a(pdm_filter.o) (__aeabi_dadd)
c:/program files/gnu tools arm embedded/4.9 2015q2/bin/../lib/gcc/arm-none-eabi/4.9.3/armv7e-m/softfp\libgcc.a(_arm_muldivdf3.o)
                              ..\..\..\libpdmfilter_gcc.a(pdm_filter.o) (__aeabi_dmul)
c:/program files/gnu tools arm embedded/4.9 2015q2/bin/../lib/gcc/arm-none-eabi/4.9.3/armv7e-m/softfp\libgcc.a(_arm_cmpdf2.o)
                              ..\obj\stm32f4_discovery_lcd.o (__aeabi_dcmplt)
c:/program files/gnu tools arm embedded/4.9 2015q2/bin/../lib/gcc/arm-none-eabi/4.9.3/armv7e-m/softfp\libgcc.a(_arm_fixdfsi.o)
                              c:/program files/gnu tools arm embedded/4.9 2015q2/bin/../lib/gcc/arm-none-eabi/4.9.3/../../../../arm-none-eabi/lib/armv7e-m/softfp\libm.a(lib_a-s_lround.o) (__aeabi_d2iz)
c:/program files/gnu tools arm embedded/4.9 2015q2/bin/../lib/gcc/arm-none-eabi/4.9.3/armv7e-m/softfp\libgcc.a(_arm_fixunsdfsi.o)
                              ..\..\..\libpdmfilter_gcc.a(pdm_filter.o) (__aeabi_d2uiz)
c:/program files/gnu tools arm embedded/4.9 2015q2/bin/../lib/gcc/arm-none-eabi/4.9.3/armv7e-m/softfp\libgcc.a(_arm_truncdfsf2.o)
                              c:/program files/gnu tools arm embedded/4.9 2015q2/bin/../lib/gcc/arm-none-eabi/4.9.3/../../../../arm-none-eabi/lib/armv7e-m/softfp\libm.a(lib_a-wf_sqrt.o) (__aeabi_d2f)
c:/program files/gnu tools arm embedded/4.9 2015q2/bin/../lib/gcc/arm-none-eabi/4.9.3/armv7e-m/softfp\libgcc.a(_arm_muldivsf3.o)
                              ..\..\..\libpdmfilter_gcc.a(pdm_filter.o) (__aeabi_fmul)
c:/program files/gnu tools arm embedded/4.9 2015q2/bin/../lib/gcc/arm-none-eabi/4.9.3/armv7e-m/softfp\libgcc.a(_arm_cmpsf2.o)
                              ..\..\..\libpdmfilter_gcc.a(pdm_filter.o) (__aeabi_fcmpeq)
c:/program files/gnu tools arm embedded/4.9 2015q2/bin/../lib/gcc/arm-none-eabi/4.9.3/../../../../arm-none-eabi/lib/armv7e-m/softfp\libc.a(lib_a-errno.o)
                              c:/program files/gnu tools arm embedded/4.9 2015q2/bin/../lib/gcc/arm-none-eabi/4.9.3/../../../../arm-none-eabi/lib/armv7e-m/softfp\libm.a(lib_a-wf_sqrt.o) (__errno)
c:/program files/gnu tools arm embedded/4.9 2015q2/bin/../lib/gcc/arm-none-eabi/4.9.3/../../../../arm-none-eabi/lib/armv7e-m/softfp\libc.a(lib_a-impure.o)
                              c:/program files/gnu tools arm embedded/4.9 2015q2/bin/../lib/gcc/arm-none-eabi/4.9.3/../../../../arm-none-eabi/lib/armv7e-m/softfp\libc.a(lib_a-errno.o) (_impure_ptr)
c:/program files/gnu tools arm embedded/4.9 2015q2/bin/../lib/gcc/arm-none-eabi/4.9.3/../../../../arm-none-eabi/lib/armv7e-m/softfp\libc.a(lib_a-strlen.o)
                              ..\obj\stm32f4_discovery_lcd.o (strlen)

Allocating common symbols
Common symbol       size              file

PDM_Input_Buffer    0x80              ..\obj\main.o
ticker              0x4               ..\obj\main.o
APP_Tx_Buffer       0x80              ..\obj\usbd_cdc_vcp.o
f                   0x4               ..\obj\main.o
buffer_input1       0x1000            ..\obj\main.o
S                   0x18              ..\obj\main.o
text                0x64              ..\obj\main.o
mode                0x1               ..\obj\main.o
AudioRecBuf         0x4               ..\obj\main.o
Filter              0x34              ..\obj\main.o
usbd_cdc_OtherCfgDesc
                    0x43              ..\obj\usbd_cdc_core.o
WriteBuf            0x4               ..\obj\main.o
f2                  0x4               ..\obj\main.o
APP_tx_ptr_tail     0x4               ..\obj\usbd_cdc_vcp.o
downTicker          0x4               ..\obj\main.o
USB_Rx_Buffer       0x40              ..\obj\usbd_cdc_core.o
maxvalue            0x4               ..\obj\main.o
USART_InitStructure
                    0x10              ..\obj\usbd_cdc_vcp.o
buffer_input        0x1000            ..\obj\main.o
CmdBuff             0x8               ..\obj\usbd_cdc_core.o
USB_OTG_dev         0x5f0             ..\obj\main.o
S_CFFT              0x14              ..\obj\main.o
PCM_Output_Buffer1  0x20              ..\obj\main.o
APP_Rx_Buffer       0x2000            ..\obj\usbd_cdc_core.o
NVIC_InitStructure  0x4               ..\obj\stm32f4_discovery.o
USBD_StrDesc        0x32              ..\obj\usbd_req.o
PCM_Output_Buffer   0x20              ..\obj\main.o
maxvalueindex       0x4               ..\obj\main.o
APP_tx_ptr_head     0x4               ..\obj\usbd_cdc_vcp.o

Discarded input sections

 .text          0x00000000      0x920 ..\obj\stm32f4xx_usart.o
 .data          0x00000000        0x0 ..\obj\stm32f4xx_usart.o
 .bss           0x00000000        0x0 ..\obj\stm32f4xx_usart.o
 .debug_info    0x00000000      0x9c2 ..\obj\stm32f4xx_usart.o
 .debug_abbrev  0x00000000      0x155 ..\obj\stm32f4xx_usart.o
 .debug_aranges
                0x00000000       0x20 ..\obj\stm32f4xx_usart.o
 .debug_line    0x00000000      0x344 ..\obj\stm32f4xx_usart.o
 .debug_str     0x00000000      0x6a2 ..\obj\stm32f4xx_usart.o
 .comment       0x00000000       0x71 ..\obj\stm32f4xx_usart.o
 .debug_frame   0x00000000      0x490 ..\obj\stm32f4xx_usart.o
 .ARM.attributes
                0x00000000       0x37 ..\obj\stm32f4xx_usart.o
 .data          0x00000000        0x0 ..\obj\usbd_req.o
 .bss           0x00000000        0x0 ..\obj\usbd_cdc_vcp.o
 .data          0x00000000        0x0 ..\obj\usb_dcd_int.o
 .bss           0x00000000        0x0 ..\obj\usb_dcd_int.o
 .text          0x00000000       0x6c ..\obj\arm_max_f32.o
 .data          0x00000000        0x0 ..\obj\arm_max_f32.o
 .bss           0x00000000        0x0 ..\obj\arm_max_f32.o
 .debug_info    0x00000000      0x13f ..\obj\arm_max_f32.o
 .debug_abbrev  0x00000000       0x92 ..\obj\arm_max_f32.o
 .debug_aranges
                0x00000000       0x20 ..\obj\arm_max_f32.o
 .debug_line    0x00000000      0x18a ..\obj\arm_max_f32.o
 .debug_str     0x00000000      0x1e7 ..\obj\arm_max_f32.o
 .comment       0x00000000       0x71 ..\obj\arm_max_f32.o
 .debug_frame   0x00000000       0x38 ..\obj\arm_max_f32.o
 .ARM.attributes
                0x00000000       0x37 ..\obj\arm_max_f32.o
 .text          0x00000000        0x0 ..\obj\fonts.o
 .data          0x00000000       0x20 ..\obj\fonts.o
 .bss           0x00000000        0x0 ..\obj\fonts.o
 .rodata        0x00000000     0x29d0 ..\obj\fonts.o
 .debug_info    0x00000000      0x19a ..\obj\fonts.o
 .debug_abbrev  0x00000000       0x93 ..\obj\fonts.o
 .debug_aranges
                0x00000000       0x18 ..\obj\fonts.o
 .debug_line    0x00000000      0x125 ..\obj\fonts.o
 .debug_str     0x00000000      0x1f0 ..\obj\fonts.o
 .comment       0x00000000       0x71 ..\obj\fonts.o
 .ARM.attributes
                0x00000000       0x37 ..\obj\fonts.o
 .data          0x00000000        0x0 ..\obj\stm32f4xx_spi.o
 .bss           0x00000000        0x0 ..\obj\stm32f4xx_spi.o
 .data          0x00000000        0x0 ..\obj\stm32f4xx_it.o
 .text          0x00000000      0x108 ..\obj\syscalls.o
 .data          0x00000000        0x0 ..\obj\syscalls.o
 .bss           0x00000000        0x4 ..\obj\syscalls.o
 .debug_info    0x00000000      0x3ee ..\obj\syscalls.o
 .debug_abbrev  0x00000000       0xe2 ..\obj\syscalls.o
 .debug_aranges
                0x00000000       0x20 ..\obj\syscalls.o
 .debug_line    0x00000000       0xfc ..\obj\syscalls.o
 .debug_str     0x00000000      0x2fe ..\obj\syscalls.o
 .comment       0x00000000       0x71 ..\obj\syscalls.o
 .debug_frame   0x00000000      0x168 ..\obj\syscalls.o
 .ARM.attributes
                0x00000000       0x37 ..\obj\syscalls.o
 .data          0x00000000        0x0 ..\obj\arm_rfft_init_f32.o
 .bss           0x00000000        0x0 ..\obj\arm_rfft_init_f32.o
 .data          0x00000000        0x0 ..\obj\stm32f4xx_syscfg.o
 .bss           0x00000000        0x0 ..\obj\stm32f4xx_syscfg.o
 .data          0x00000000        0x0 ..\obj\startup_stm32f4xx.o
 .bss           0x00000000        0x0 ..\obj\startup_stm32f4xx.o
 .bss           0x00000000        0x0 ..\obj\stm32f4xx_rcc.o
 .data          0x00000000        0x0 ..\obj\usb_core.o
 .bss           0x00000000        0x0 ..\obj\usb_core.o
 .bss           0x00000000        0x0 ..\obj\usbd_desc.o
 .bss           0x00000000        0x0 ..\obj\stm32f4_discovery.o
 COMMON         0x00000000        0x4 ..\obj\stm32f4_discovery.o
 .data          0x00000000        0x0 ..\obj\arm_cfft_radix4_init_f32.o
 .bss           0x00000000        0x0 ..\obj\arm_cfft_radix4_init_f32.o
 .bss           0x00000000        0x0 ..\obj\system_stm32f4xx.o
 .text          0x00000000     0x1f10 ..\obj\stm32f4_discovery_lcd.o
 .data          0x00000000        0x4 ..\obj\stm32f4_discovery_lcd.o
 .bss           0x00000000        0x8 ..\obj\stm32f4_discovery_lcd.o
 .debug_info    0x00000000     0x13b4 ..\obj\stm32f4_discovery_lcd.o
 .debug_abbrev  0x00000000      0x276 ..\obj\stm32f4_discovery_lcd.o
 .debug_aranges
                0x00000000       0x20 ..\obj\stm32f4_discovery_lcd.o
 .debug_line    0x00000000      0x72a ..\obj\stm32f4_discovery_lcd.o
 .debug_str     0x00000000      0xb44 ..\obj\stm32f4_discovery_lcd.o
 .comment       0x00000000       0x71 ..\obj\stm32f4_discovery_lcd.o
 .debug_frame   0x00000000      0x7d0 ..\obj\stm32f4_discovery_lcd.o
 .ARM.attributes
                0x00000000       0x37 ..\obj\stm32f4_discovery_lcd.o
 .text          0x00000000        0x0 ..\obj\arm_common_tables.o
 .data          0x00000000        0x0 ..\obj\arm_common_tables.o
 .bss           0x00000000        0x0 ..\obj\arm_common_tables.o
 .text          0x00000000      0x1c0 ..\obj\arm_cmplx_mag_f32.o
 .data          0x00000000        0x0 ..\obj\arm_cmplx_mag_f32.o
 .bss           0x00000000        0x0 ..\obj\arm_cmplx_mag_f32.o
 .debug_info    0x00000000      0x191 ..\obj\arm_cmplx_mag_f32.o
 .debug_abbrev  0x00000000       0xcf ..\obj\arm_cmplx_mag_f32.o
 .debug_aranges
                0x00000000       0x20 ..\obj\arm_cmplx_mag_f32.o
 .debug_line    0x00000000      0x1b5 ..\obj\arm_cmplx_mag_f32.o
 .debug_str     0x00000000      0x294 ..\obj\arm_cmplx_mag_f32.o
 .comment       0x00000000       0x71 ..\obj\arm_cmplx_mag_f32.o
 .debug_frame   0x00000000       0x58 ..\obj\arm_cmplx_mag_f32.o
 .ARM.attributes
                0x00000000       0x37 ..\obj\arm_cmplx_mag_f32.o
 .data          0x00000000        0x0 ..\obj\usb_dcd.o
 .bss           0x00000000        0x0 ..\obj\usb_dcd.o
 .data          0x00000000        0x0 ..\obj\main.o
 .data          0x00000000        0x0 ..\obj\stm32f4xx_gpio.o
 .bss           0x00000000        0x0 ..\obj\stm32f4xx_gpio.o
 .text          0x00000000      0x70c ..\obj\stm32f4xx_dma.o
 .data          0x00000000        0x0 ..\obj\stm32f4xx_dma.o
 .bss           0x00000000        0x0 ..\obj\stm32f4xx_dma.o
 .debug_info    0x00000000      0x739 ..\obj\stm32f4xx_dma.o
 .debug_abbrev  0x00000000      0x155 ..\obj\stm32f4xx_dma.o
 .debug_aranges
                0x00000000       0x20 ..\obj\stm32f4xx_dma.o
 .debug_line    0x00000000      0x303 ..\obj\stm32f4xx_dma.o
 .debug_str     0x00000000      0x555 ..\obj\stm32f4xx_dma.o
 .comment       0x00000000       0x71 ..\obj\stm32f4xx_dma.o
 .debug_frame   0x00000000      0x308 ..\obj\stm32f4xx_dma.o
 .ARM.attributes
                0x00000000       0x37 ..\obj\stm32f4xx_dma.o
 .text          0x00000000      0x3fc ..\obj\arm_rfft_f32.o
 .data          0x00000000        0x0 ..\obj\arm_rfft_f32.o
 .bss           0x00000000        0x0 ..\obj\arm_rfft_f32.o
 .debug_info    0x00000000      0x44f ..\obj\arm_rfft_f32.o
 .debug_abbrev  0x00000000      0x114 ..\obj\arm_rfft_f32.o
 .debug_aranges
                0x00000000       0x20 ..\obj\arm_rfft_f32.o
 .debug_line    0x00000000      0x1d2 ..\obj\arm_rfft_f32.o
 .debug_str     0x00000000      0x364 ..\obj\arm_rfft_f32.o
 .comment       0x00000000       0x71 ..\obj\arm_rfft_f32.o
 .debug_frame   0x00000000       0x8c ..\obj\arm_rfft_f32.o
 .ARM.attributes
                0x00000000       0x37 ..\obj\arm_rfft_f32.o
 .text          0x00000000      0x94c ..\obj\stm32f4xx_fsmc.o
 .data          0x00000000        0x0 ..\obj\stm32f4xx_fsmc.o
 .bss           0x00000000        0x0 ..\obj\stm32f4xx_fsmc.o
 .debug_info    0x00000000      0x8f5 ..\obj\stm32f4xx_fsmc.o
 .debug_abbrev  0x00000000      0x170 ..\obj\stm32f4xx_fsmc.o
 .debug_aranges
                0x00000000       0x20 ..\obj\stm32f4xx_fsmc.o
 .debug_line    0x00000000      0x376 ..\obj\stm32f4xx_fsmc.o
 .debug_str     0x00000000      0x79d ..\obj\stm32f4xx_fsmc.o
 .comment       0x00000000       0x71 ..\obj\stm32f4xx_fsmc.o
 .debug_frame   0x00000000      0x300 ..\obj\stm32f4xx_fsmc.o
 .ARM.attributes
                0x00000000       0x37 ..\obj\stm32f4xx_fsmc.o
 .data          0x00000000        0x0 ..\obj\usb_bsp.o
 .bss           0x00000000        0x0 ..\obj\usb_bsp.o
 .text          0x00000000       0xd0 ..\obj\stm32f4xx_crc.o
 .data          0x00000000        0x0 ..\obj\stm32f4xx_crc.o
 .bss           0x00000000        0x0 ..\obj\stm32f4xx_crc.o
 .debug_info    0x00000000      0x208 ..\obj\stm32f4xx_crc.o
 .debug_abbrev  0x00000000      0x114 ..\obj\stm32f4xx_crc.o
 .debug_aranges
                0x00000000       0x20 ..\obj\stm32f4xx_crc.o
 .debug_line    0x00000000      0x1df ..\obj\stm32f4xx_crc.o
 .debug_str     0x00000000      0x25e ..\obj\stm32f4xx_crc.o
 .comment       0x00000000       0x71 ..\obj\stm32f4xx_crc.o
 .debug_frame   0x00000000       0xe8 ..\obj\stm32f4xx_crc.o
 .ARM.attributes
                0x00000000       0x37 ..\obj\stm32f4xx_crc.o
 .data          0x00000000        0x0 ..\obj\misc.o
 .bss           0x00000000        0x0 ..\obj\misc.o
 .bss           0x00000000        0x0 ..\obj\usbd_usr.o
 .bss           0x00000000        0x0 ..\obj\usbd_core.o
 .data          0x00000000        0x0 ..\obj\usbd_ioreq.o
 .bss           0x00000000        0x0 ..\obj\usbd_ioreq.o
 .data          0x00000000        0x0 ..\obj\stm32f4xx_exti.o
 .bss           0x00000000        0x0 ..\obj\stm32f4xx_exti.o
 .text          0x00000000     0x1480 ..\obj\arm_cfft_radix4_f32.o
 .data          0x00000000        0x0 ..\obj\arm_cfft_radix4_f32.o
 .bss           0x00000000        0x0 ..\obj\arm_cfft_radix4_f32.o
 .debug_info    0x00000000      0x578 ..\obj\arm_cfft_radix4_f32.o
 .debug_abbrev  0x00000000      0x12e ..\obj\arm_cfft_radix4_f32.o
 .debug_aranges
                0x00000000       0x20 ..\obj\arm_cfft_radix4_f32.o
 .debug_line    0x00000000      0x634 ..\obj\arm_cfft_radix4_f32.o
 .debug_str     0x00000000      0x2e5 ..\obj\arm_cfft_radix4_f32.o
 .comment       0x00000000       0x71 ..\obj\arm_cfft_radix4_f32.o
 .debug_frame   0x00000000       0xb0 ..\obj\arm_cfft_radix4_f32.o
 .ARM.attributes
                0x00000000       0x37 ..\obj\arm_cfft_radix4_f32.o
 .text          0x00000000        0x0 ..\..\..\libpdmfilter_gcc.a(pdm_filter.o)
 .data          0x00000000        0x0 ..\..\..\libpdmfilter_gcc.a(pdm_filter.o)
 .bss           0x00000000        0x0 ..\..\..\libpdmfilter_gcc.a(pdm_filter.o)
 .text.PDM_Filter_80_LSB
                0x00000000      0x2e4 ..\..\..\libpdmfilter_gcc.a(pdm_filter.o)
 .text.PDM_Filter_64_MSB
                0x00000000      0x2e4 ..\..\..\libpdmfilter_gcc.a(pdm_filter.o)
 .text.PDM_Filter_80_MSB
                0x00000000      0x330 ..\..\..\libpdmfilter_gcc.a(pdm_filter.o)
 .text          0x00000000        0x0 c:/program files/gnu tools arm embedded/4.9 2015q2/bin/../lib/gcc/arm-none-eabi/4.9.3/../../../../arm-none-eabi/lib/armv7e-m/softfp\libm.a(lib_a-s_lround.o)
 .data          0x00000000        0x0 c:/program files/gnu tools arm embedded/4.9 2015q2/bin/../lib/gcc/arm-none-eabi/4.9.3/../../../../arm-none-eabi/lib/armv7e-m/softfp\libm.a(lib_a-s_lround.o)
 .bss           0x00000000        0x0 c:/program files/gnu tools arm embedded/4.9 2015q2/bin/../lib/gcc/arm-none-eabi/4.9.3/../../../../arm-none-eabi/lib/armv7e-m/softfp\libm.a(lib_a-s_lround.o)
 .text.lround   0x00000000       0x94 c:/program files/gnu tools arm embedded/4.9 2015q2/bin/../lib/gcc/arm-none-eabi/4.9.3/../../../../arm-none-eabi/lib/armv7e-m/softfp\libm.a(lib_a-s_lround.o)
 .debug_frame   0x00000000       0x30 c:/program files/gnu tools arm embedded/4.9 2015q2/bin/../lib/gcc/arm-none-eabi/4.9.3/../../../../arm-none-eabi/lib/armv7e-m/softfp\libm.a(lib_a-s_lround.o)
 .ARM.attributes
                0x00000000       0x32 c:/program files/gnu tools arm embedded/4.9 2015q2/bin/../lib/gcc/arm-none-eabi/4.9.3/../../../../arm-none-eabi/lib/armv7e-m/softfp\libm.a(lib_a-s_lround.o)
 .text          0x00000000        0x0 c:/program files/gnu tools arm embedded/4.9 2015q2/bin/../lib/gcc/arm-none-eabi/4.9.3/../../../../arm-none-eabi/lib/armv7e-m/softfp\libm.a(lib_a-wf_sqrt.o)
 .data          0x00000000        0x0 c:/program files/gnu tools arm embedded/4.9 2015q2/bin/../lib/gcc/arm-none-eabi/4.9.3/../../../../arm-none-eabi/lib/armv7e-m/softfp\libm.a(lib_a-wf_sqrt.o)
 .bss           0x00000000        0x0 c:/program files/gnu tools arm embedded/4.9 2015q2/bin/../lib/gcc/arm-none-eabi/4.9.3/../../../../arm-none-eabi/lib/armv7e-m/softfp\libm.a(lib_a-wf_sqrt.o)
 .text.sqrtf    0x00000000       0xb0 c:/program files/gnu tools arm embedded/4.9 2015q2/bin/../lib/gcc/arm-none-eabi/4.9.3/../../../../arm-none-eabi/lib/armv7e-m/softfp\libm.a(lib_a-wf_sqrt.o)
 .rodata.str1.4
                0x00000000        0x6 c:/program files/gnu tools arm embedded/4.9 2015q2/bin/../lib/gcc/arm-none-eabi/4.9.3/../../../../arm-none-eabi/lib/armv7e-m/softfp\libm.a(lib_a-wf_sqrt.o)
 .debug_frame   0x00000000       0x50 c:/program files/gnu tools arm embedded/4.9 2015q2/bin/../lib/gcc/arm-none-eabi/4.9.3/../../../../arm-none-eabi/lib/armv7e-m/softfp\libm.a(lib_a-wf_sqrt.o)
 .ARM.attributes
                0x00000000       0x32 c:/program files/gnu tools arm embedded/4.9 2015q2/bin/../lib/gcc/arm-none-eabi/4.9.3/../../../../arm-none-eabi/lib/armv7e-m/softfp\libm.a(lib_a-wf_sqrt.o)
 .text          0x00000000        0x0 c:/program files/gnu tools arm embedded/4.9 2015q2/bin/../lib/gcc/arm-none-eabi/4.9.3/../../../../arm-none-eabi/lib/armv7e-m/softfp\libm.a(lib_a-ef_sqrt.o)
 .data          0x00000000        0x0 c:/program files/gnu tools arm embedded/4.9 2015q2/bin/../lib/gcc/arm-none-eabi/4.9.3/../../../../arm-none-eabi/lib/armv7e-m/softfp\libm.a(lib_a-ef_sqrt.o)
 .bss           0x00000000        0x0 c:/program files/gnu tools arm embedded/4.9 2015q2/bin/../lib/gcc/arm-none-eabi/4.9.3/../../../../arm-none-eabi/lib/armv7e-m/softfp\libm.a(lib_a-ef_sqrt.o)
 .text.__ieee754_sqrtf
                0x00000000       0xac c:/program files/gnu tools arm embedded/4.9 2015q2/bin/../lib/gcc/arm-none-eabi/4.9.3/../../../../arm-none-eabi/lib/armv7e-m/softfp\libm.a(lib_a-ef_sqrt.o)
 .debug_frame   0x00000000       0x3c c:/program files/gnu tools arm embedded/4.9 2015q2/bin/../lib/gcc/arm-none-eabi/4.9.3/../../../../arm-none-eabi/lib/armv7e-m/softfp\libm.a(lib_a-ef_sqrt.o)
 .ARM.attributes
                0x00000000       0x32 c:/program files/gnu tools arm embedded/4.9 2015q2/bin/../lib/gcc/arm-none-eabi/4.9.3/../../../../arm-none-eabi/lib/armv7e-m/softfp\libm.a(lib_a-ef_sqrt.o)
 .text          0x00000000        0x0 c:/program files/gnu tools arm embedded/4.9 2015q2/bin/../lib/gcc/arm-none-eabi/4.9.3/../../../../arm-none-eabi/lib/armv7e-m/softfp\libm.a(lib_a-s_lib_ver.o)
 .data          0x00000000        0x0 c:/program files/gnu tools arm embedded/4.9 2015q2/bin/../lib/gcc/arm-none-eabi/4.9.3/../../../../arm-none-eabi/lib/armv7e-m/softfp\libm.a(lib_a-s_lib_ver.o)
 .bss           0x00000000        0x0 c:/program files/gnu tools arm embedded/4.9 2015q2/bin/../lib/gcc/arm-none-eabi/4.9.3/../../../../arm-none-eabi/lib/armv7e-m/softfp\libm.a(lib_a-s_lib_ver.o)
 .data.__fdlib_version
                0x00000000        0x1 c:/program files/gnu tools arm embedded/4.9 2015q2/bin/../lib/gcc/arm-none-eabi/4.9.3/../../../../arm-none-eabi/lib/armv7e-m/softfp\libm.a(lib_a-s_lib_ver.o)
 .ARM.attributes
                0x00000000       0x32 c:/program files/gnu tools arm embedded/4.9 2015q2/bin/../lib/gcc/arm-none-eabi/4.9.3/../../../../arm-none-eabi/lib/armv7e-m/softfp\libm.a(lib_a-s_lib_ver.o)
 .text          0x00000000        0x0 c:/program files/gnu tools arm embedded/4.9 2015q2/bin/../lib/gcc/arm-none-eabi/4.9.3/../../../../arm-none-eabi/lib/armv7e-m/softfp\libm.a(lib_a-s_matherr.o)
 .data          0x00000000        0x0 c:/program files/gnu tools arm embedded/4.9 2015q2/bin/../lib/gcc/arm-none-eabi/4.9.3/../../../../arm-none-eabi/lib/armv7e-m/softfp\libm.a(lib_a-s_matherr.o)
 .bss           0x00000000        0x0 c:/program files/gnu tools arm embedded/4.9 2015q2/bin/../lib/gcc/arm-none-eabi/4.9.3/../../../../arm-none-eabi/lib/armv7e-m/softfp\libm.a(lib_a-s_matherr.o)
 .text.matherr  0x00000000        0x4 c:/program files/gnu tools arm embedded/4.9 2015q2/bin/../lib/gcc/arm-none-eabi/4.9.3/../../../../arm-none-eabi/lib/armv7e-m/softfp\libm.a(lib_a-s_matherr.o)
 .debug_frame   0x00000000       0x20 c:/program files/gnu tools arm embedded/4.9 2015q2/bin/../lib/gcc/arm-none-eabi/4.9.3/../../../../arm-none-eabi/lib/armv7e-m/softfp\libm.a(lib_a-s_matherr.o)
 .ARM.attributes
                0x00000000       0x32 c:/program files/gnu tools arm embedded/4.9 2015q2/bin/../lib/gcc/arm-none-eabi/4.9.3/../../../../arm-none-eabi/lib/armv7e-m/softfp\libm.a(lib_a-s_matherr.o)
 .text          0x00000000        0x0 c:/program files/gnu tools arm embedded/4.9 2015q2/bin/../lib/gcc/arm-none-eabi/4.9.3/../../../../arm-none-eabi/lib/armv7e-m/softfp\libm.a(lib_a-sf_fpclassify.o)
 .data          0x00000000        0x0 c:/program files/gnu tools arm embedded/4.9 2015q2/bin/../lib/gcc/arm-none-eabi/4.9.3/../../../../arm-none-eabi/lib/armv7e-m/softfp\libm.a(lib_a-sf_fpclassify.o)
 .bss           0x00000000        0x0 c:/program files/gnu tools arm embedded/4.9 2015q2/bin/../lib/gcc/arm-none-eabi/4.9.3/../../../../arm-none-eabi/lib/armv7e-m/softfp\libm.a(lib_a-sf_fpclassify.o)
 .text.__fpclassifyf
                0x00000000       0x34 c:/program files/gnu tools arm embedded/4.9 2015q2/bin/../lib/gcc/arm-none-eabi/4.9.3/../../../../arm-none-eabi/lib/armv7e-m/softfp\libm.a(lib_a-sf_fpclassify.o)
 .debug_frame   0x00000000       0x20 c:/program files/gnu tools arm embedded/4.9 2015q2/bin/../lib/gcc/arm-none-eabi/4.9.3/../../../../arm-none-eabi/lib/armv7e-m/softfp\libm.a(lib_a-sf_fpclassify.o)
 .ARM.attributes
                0x00000000       0x32 c:/program files/gnu tools arm embedded/4.9 2015q2/bin/../lib/gcc/arm-none-eabi/4.9.3/../../../../arm-none-eabi/lib/armv7e-m/softfp\libm.a(lib_a-sf_fpclassify.o)
 .data          0x00000000        0x0 c:/program files/gnu tools arm embedded/4.9 2015q2/bin/../lib/gcc/arm-none-eabi/4.9.3/armv7e-m/softfp\libgcc.a(_arm_addsubdf3.o)
 .bss           0x00000000        0x0 c:/program files/gnu tools arm embedded/4.9 2015q2/bin/../lib/gcc/arm-none-eabi/4.9.3/armv7e-m/softfp\libgcc.a(_arm_addsubdf3.o)
 .data          0x00000000        0x0 c:/program files/gnu tools arm embedded/4.9 2015q2/bin/../lib/gcc/arm-none-eabi/4.9.3/armv7e-m/softfp\libgcc.a(_arm_muldivdf3.o)
 .bss           0x00000000        0x0 c:/program files/gnu tools arm embedded/4.9 2015q2/bin/../lib/gcc/arm-none-eabi/4.9.3/armv7e-m/softfp\libgcc.a(_arm_muldivdf3.o)
 .text          0x00000000      0x110 c:/program files/gnu tools arm embedded/4.9 2015q2/bin/../lib/gcc/arm-none-eabi/4.9.3/armv7e-m/softfp\libgcc.a(_arm_cmpdf2.o)
 .data          0x00000000        0x0 c:/program files/gnu tools arm embedded/4.9 2015q2/bin/../lib/gcc/arm-none-eabi/4.9.3/armv7e-m/softfp\libgcc.a(_arm_cmpdf2.o)
 .bss           0x00000000        0x0 c:/program files/gnu tools arm embedded/4.9 2015q2/bin/../lib/gcc/arm-none-eabi/4.9.3/armv7e-m/softfp\libgcc.a(_arm_cmpdf2.o)
 .ARM.attributes
                0x00000000       0x22 c:/program files/gnu tools arm embedded/4.9 2015q2/bin/../lib/gcc/arm-none-eabi/4.9.3/armv7e-m/softfp\libgcc.a(_arm_cmpdf2.o)
 .text          0x00000000       0x50 c:/program files/gnu tools arm embedded/4.9 2015q2/bin/../lib/gcc/arm-none-eabi/4.9.3/armv7e-m/softfp\libgcc.a(_arm_fixdfsi.o)
 .data          0x00000000        0x0 c:/program files/gnu tools arm embedded/4.9 2015q2/bin/../lib/gcc/arm-none-eabi/4.9.3/armv7e-m/softfp\libgcc.a(_arm_fixdfsi.o)
 .bss           0x00000000        0x0 c:/program files/gnu tools arm embedded/4.9 2015q2/bin/../lib/gcc/arm-none-eabi/4.9.3/armv7e-m/softfp\libgcc.a(_arm_fixdfsi.o)
 .ARM.attributes
                0x00000000       0x22 c:/program files/gnu tools arm embedded/4.9 2015q2/bin/../lib/gcc/arm-none-eabi/4.9.3/armv7e-m/softfp\libgcc.a(_arm_fixdfsi.o)
 .data          0x00000000        0x0 c:/program files/gnu tools arm embedded/4.9 2015q2/bin/../lib/gcc/arm-none-eabi/4.9.3/armv7e-m/softfp\libgcc.a(_arm_fixunsdfsi.o)
 .bss           0x00000000        0x0 c:/program files/gnu tools arm embedded/4.9 2015q2/bin/../lib/gcc/arm-none-eabi/4.9.3/armv7e-m/softfp\libgcc.a(_arm_fixunsdfsi.o)
 .text          0x00000000       0xa0 c:/program files/gnu tools arm embedded/4.9 2015q2/bin/../lib/gcc/arm-none-eabi/4.9.3/armv7e-m/softfp\libgcc.a(_arm_truncdfsf2.o)
 .data          0x00000000        0x0 c:/program files/gnu tools arm embedded/4.9 2015q2/bin/../lib/gcc/arm-none-eabi/4.9.3/armv7e-m/softfp\libgcc.a(_arm_truncdfsf2.o)
 .bss           0x00000000        0x0 c:/program files/gnu tools arm embedded/4.9 2015q2/bin/../lib/gcc/arm-none-eabi/4.9.3/armv7e-m/softfp\libgcc.a(_arm_truncdfsf2.o)
 .ARM.attributes
                0x00000000       0x22 c:/program files/gnu tools arm embedded/4.9 2015q2/bin/../lib/gcc/arm-none-eabi/4.9.3/armv7e-m/softfp\libgcc.a(_arm_truncdfsf2.o)
 .data          0x00000000        0x0 c:/program files/gnu tools arm embedded/4.9 2015q2/bin/../lib/gcc/arm-none-eabi/4.9.3/armv7e-m/softfp\libgcc.a(_arm_muldivsf3.o)
 .bss           0x00000000        0x0 c:/program files/gnu tools arm embedded/4.9 2015q2/bin/../lib/gcc/arm-none-eabi/4.9.3/armv7e-m/softfp\libgcc.a(_arm_muldivsf3.o)
 .data          0x00000000        0x0 c:/program files/gnu tools arm embedded/4.9 2015q2/bin/../lib/gcc/arm-none-eabi/4.9.3/armv7e-m/softfp\libgcc.a(_arm_cmpsf2.o)
 .bss           0x00000000        0x0 c:/program files/gnu tools arm embedded/4.9 2015q2/bin/../lib/gcc/arm-none-eabi/4.9.3/armv7e-m/softfp\libgcc.a(_arm_cmpsf2.o)
 .text          0x00000000        0x0 c:/program files/gnu tools arm embedded/4.9 2015q2/bin/../lib/gcc/arm-none-eabi/4.9.3/../../../../arm-none-eabi/lib/armv7e-m/softfp\libc.a(lib_a-errno.o)
 .data          0x00000000        0x0 c:/program files/gnu tools arm embedded/4.9 2015q2/bin/../lib/gcc/arm-none-eabi/4.9.3/../../../../arm-none-eabi/lib/armv7e-m/softfp\libc.a(lib_a-errno.o)
 .bss           0x00000000        0x0 c:/program files/gnu tools arm embedded/4.9 2015q2/bin/../lib/gcc/arm-none-eabi/4.9.3/../../../../arm-none-eabi/lib/armv7e-m/softfp\libc.a(lib_a-errno.o)
 .text.__errno  0x00000000        0xc c:/program files/gnu tools arm embedded/4.9 2015q2/bin/../lib/gcc/arm-none-eabi/4.9.3/../../../../arm-none-eabi/lib/armv7e-m/softfp\libc.a(lib_a-errno.o)
 .debug_frame   0x00000000       0x20 c:/program files/gnu tools arm embedded/4.9 2015q2/bin/../lib/gcc/arm-none-eabi/4.9.3/../../../../arm-none-eabi/lib/armv7e-m/softfp\libc.a(lib_a-errno.o)
 .ARM.attributes
                0x00000000       0x32 c:/program files/gnu tools arm embedded/4.9 2015q2/bin/../lib/gcc/arm-none-eabi/4.9.3/../../../../arm-none-eabi/lib/armv7e-m/softfp\libc.a(lib_a-errno.o)
 .text          0x00000000        0x0 c:/program files/gnu tools arm embedded/4.9 2015q2/bin/../lib/gcc/arm-none-eabi/4.9.3/../../../../arm-none-eabi/lib/armv7e-m/softfp\libc.a(lib_a-impure.o)
 .data          0x00000000        0x0 c:/program files/gnu tools arm embedded/4.9 2015q2/bin/../lib/gcc/arm-none-eabi/4.9.3/../../../../arm-none-eabi/lib/armv7e-m/softfp\libc.a(lib_a-impure.o)
 .bss           0x00000000        0x0 c:/program files/gnu tools arm embedded/4.9 2015q2/bin/../lib/gcc/arm-none-eabi/4.9.3/../../../../arm-none-eabi/lib/armv7e-m/softfp\libc.a(lib_a-impure.o)
 .data.impure_data
                0x00000000      0x428 c:/program files/gnu tools arm embedded/4.9 2015q2/bin/../lib/gcc/arm-none-eabi/4.9.3/../../../../arm-none-eabi/lib/armv7e-m/softfp\libc.a(lib_a-impure.o)
 .data._impure_ptr
                0x00000000        0x4 c:/program files/gnu tools arm embedded/4.9 2015q2/bin/../lib/gcc/arm-none-eabi/4.9.3/../../../../arm-none-eabi/lib/armv7e-m/softfp\libc.a(lib_a-impure.o)
 .rodata.str1.4
                0x00000000        0x2 c:/program files/gnu tools arm embedded/4.9 2015q2/bin/../lib/gcc/arm-none-eabi/4.9.3/../../../../arm-none-eabi/lib/armv7e-m/softfp\libc.a(lib_a-impure.o)
 .rodata._global_impure_ptr
                0x00000000        0x4 c:/program files/gnu tools arm embedded/4.9 2015q2/bin/../lib/gcc/arm-none-eabi/4.9.3/../../../../arm-none-eabi/lib/armv7e-m/softfp\libc.a(lib_a-impure.o)
 .ARM.attributes
                0x00000000       0x32 c:/program files/gnu tools arm embedded/4.9 2015q2/bin/../lib/gcc/arm-none-eabi/4.9.3/../../../../arm-none-eabi/lib/armv7e-m/softfp\libc.a(lib_a-impure.o)
 .text          0x00000000        0x0 c:/program files/gnu tools arm embedded/4.9 2015q2/bin/../lib/gcc/arm-none-eabi/4.9.3/../../../../arm-none-eabi/lib/armv7e-m/softfp\libc.a(lib_a-strlen.o)
 .data          0x00000000        0x0 c:/program files/gnu tools arm embedded/4.9 2015q2/bin/../lib/gcc/arm-none-eabi/4.9.3/../../../../arm-none-eabi/lib/armv7e-m/softfp\libc.a(lib_a-strlen.o)
 .bss           0x00000000        0x0 c:/program files/gnu tools arm embedded/4.9 2015q2/bin/../lib/gcc/arm-none-eabi/4.9.3/../../../../arm-none-eabi/lib/armv7e-m/softfp\libc.a(lib_a-strlen.o)
 .text.strlen   0x00000000       0x5c c:/program files/gnu tools arm embedded/4.9 2015q2/bin/../lib/gcc/arm-none-eabi/4.9.3/../../../../arm-none-eabi/lib/armv7e-m/softfp\libc.a(lib_a-strlen.o)
 .debug_frame   0x00000000       0x20 c:/program files/gnu tools arm embedded/4.9 2015q2/bin/../lib/gcc/arm-none-eabi/4.9.3/../../../../arm-none-eabi/lib/armv7e-m/softfp\libc.a(lib_a-strlen.o)
 .ARM.attributes
                0x00000000       0x32 c:/program files/gnu tools arm embedded/4.9 2015q2/bin/../lib/gcc/arm-none-eabi/4.9.3/../../../../arm-none-eabi/lib/armv7e-m/softfp\libc.a(lib_a-strlen.o)

Memory Configuration

Name             Origin             Length             Attributes
rom              0x08000000         0x00100000         xr
ram              0x20000000         0x00020000         xrw
ram1             0x10000000         0x00010000         xrw
*default*        0x00000000         0xffffffff

Linker script and memory map

                0x20020000                _eram = 0x20020000

.text           0x08000000     0xddef
 *(.isr_vector)
 .isr_vector    0x08000000      0x188 ..\obj\startup_stm32f4xx.o
                0x08000000                g_pfnVectors
 *(.text*)
 .text          0x08000188      0x938 ..\obj\usbd_req.o
                0x08000188                USBD_StdDevReq
                0x08000228                USBD_StdItfReq
                0x08000290                USBD_StdEPReq
                0x08000934                USBD_ParseSetupRequest
                0x080009c4                USBD_CtlError
                0x08000a0c                USBD_GetString
 .text          0x08000ac0      0x3ec ..\obj\usbd_cdc_vcp.o
                0x08000bf0                VCP_put_char
                0x08000c0c                VCP_send_str
                0x08000c3c                VCP_send_buffer
                0x08000d28                VCP_get_char
                0x08000d80                VCP_get_string
                0x08000ea0                EVAL_COM_IRQHandler
 .text          0x08000eac      0xa60 ..\obj\usb_dcd_int.o
                0x08000eac                USBD_OTG_ISR_Handler
 .text          0x0800190c      0x820 ..\obj\stm32f4xx_spi.o
                0x0800190c                SPI_I2S_DeInit
                0x08001980                SPI_Init
                0x08001a08                I2S_Init
                0x08001bbc                SPI_StructInit
                0x08001c04                I2S_StructInit
                0x08001c3c                SPI_Cmd
                0x08001c7c                I2S_Cmd
                0x08001cbc                SPI_DataSizeConfig
                0x08001cf4                SPI_BiDirectionalLineConfig
                0x08001d34                SPI_NSSInternalSoftwareConfig
                0x08001d78                SPI_SSOutputCmd
                0x08001db8                SPI_TIModeCmd
                0x08001df8                I2S_FullDuplexConfig
                0x08001e94                SPI_I2S_ReceiveData
                0x08001eb0                SPI_I2S_SendData
                0x08001ecc                SPI_CalculateCRC
                0x08001f0c                SPI_TransmitCRC
                0x08001f30                SPI_GetCRC
                0x08001f64                SPI_GetCRCPolynomial
                0x08001f80                SPI_I2S_DMACmd
                0x08001fc8                SPI_I2S_ITConfig
                0x08002028                SPI_I2S_GetFlagStatus
                0x08002060                SPI_I2S_ClearFlag
                0x08002080                SPI_I2S_GetITStatus
                0x080020f8                SPI_I2S_ClearITPendingBit
 .text          0x0800212c       0xdc ..\obj\stm32f4xx_it.o
                0x0800212c                NMI_Handler
                0x08002138                HardFault_Handler
                0x08002140                MemManage_Handler
                0x08002148                BusFault_Handler
                0x08002150                UsageFault_Handler
                0x08002158                SVC_Handler
                0x08002164                DebugMon_Handler
                0x08002170                PendSV_Handler
                0x0800217c                SPI2_IRQHandler
 .text          0x08002208       0xc4 ..\obj\arm_rfft_init_f32.o
                0x08002208                arm_rfft_init_f32
 .text          0x080022cc      0x130 ..\obj\stm32f4xx_syscfg.o
                0x080022cc                SYSCFG_DeInit
                0x080022e8                SYSCFG_MemoryRemapConfig
                0x08002308                SYSCFG_EXTILineConfig
                0x0800238c                SYSCFG_ETH_MediaInterfaceConfig
                0x080023a8                SYSCFG_CompensationCellCmd
                0x080023c8                SYSCFG_GetCompensationCellStatus
 .text          0x080023fc       0x74 ..\obj\startup_stm32f4xx.o
                0x080023fc                Default_Reset_Handler
                0x080023fc                Reset_Handler
                0x0800245c                EXTI2_IRQHandler
                0x0800245c                TIM8_CC_IRQHandler
                0x0800245c                TIM1_CC_IRQHandler
                0x0800245c                DMA2_Stream5_IRQHandler
                0x0800245c                DMA1_Stream5_IRQHandler
                0x0800245c                PVD_IRQHandler
                0x0800245c                SDIO_IRQHandler
                0x0800245c                TAMP_STAMP_IRQHandler
                0x0800245c                CAN2_RX1_IRQHandler
                0x0800245c                EXTI3_IRQHandler
                0x0800245c                TIM8_TRG_COM_TIM14_IRQHandler
                0x0800245c                TIM1_UP_TIM10_IRQHandler
                0x0800245c                TIM8_UP_TIM13_IRQHandler
                0x0800245c                I2C3_ER_IRQHandler
                0x0800245c                EXTI0_IRQHandler
                0x0800245c                HASH_RNG_IRQHandler
                0x0800245c                DMA1_Stream2_IRQHandler
                0x0800245c                CAN1_RX0_IRQHandler
                0x0800245c                FPU_IRQHandler
                0x0800245c                OTG_HS_WKUP_IRQHandler
                0x0800245c                CAN2_SCE_IRQHandler
                0x0800245c                DMA2_Stream2_IRQHandler
                0x0800245c                SPI1_IRQHandler
                0x0800245c                TIM6_DAC_IRQHandler
                0x0800245c                TIM1_BRK_TIM9_IRQHandler
                0x0800245c                DCMI_IRQHandler
                0x0800245c                CAN2_RX0_IRQHandler
                0x0800245c                DMA2_Stream3_IRQHandler
                0x0800245c                USART6_IRQHandler
                0x0800245c                USART3_IRQHandler
                0x0800245c                CRYP_IRQHandler
                0x0800245c                I2C2_EV_IRQHandler
                0x0800245c                CAN1_RX1_IRQHandler
                0x0800245c                UART5_IRQHandler
                0x0800245c                DMA2_Stream0_IRQHandler
                0x0800245c                TIM4_IRQHandler
                0x0800245c                I2C1_EV_IRQHandler
                0x0800245c                DMA1_Stream6_IRQHandler
                0x0800245c                DMA1_Stream1_IRQHandler
                0x0800245c                UART4_IRQHandler
                0x0800245c                TIM3_IRQHandler
                0x0800245c                RCC_IRQHandler
                0x0800245c                TIM8_BRK_TIM12_IRQHandler
                0x0800245c                EXTI15_10_IRQHandler
                0x0800245c                ADC_IRQHandler
                0x0800245c                RTC_Alarm_IRQHandler
                0x0800245c                DMA1_Stream7_IRQHandler
                0x0800245c                TIM7_IRQHandler
                0x0800245c                CAN2_TX_IRQHandler
                0x0800245c                TIM5_IRQHandler
                0x0800245c                DMA2_Stream7_IRQHandler
                0x0800245c                I2C3_EV_IRQHandler
                0x0800245c                EXTI9_5_IRQHandler
                0x0800245c                RTC_WKUP_IRQHandler
                0x0800245c                ETH_WKUP_IRQHandler
                0x0800245c                OTG_HS_EP1_IN_IRQHandler
                0x0800245c                DMA1_Stream0_IRQHandler
                0x0800245c                CAN1_TX_IRQHandler
                0x0800245c                EXTI4_IRQHandler
                0x0800245c                FSMC_IRQHandler
                0x0800245c                ETH_IRQHandler
                0x0800245c                OTG_HS_EP1_OUT_IRQHandler
                0x0800245c                WWDG_IRQHandler
                0x0800245c                TIM2_IRQHandler
                0x0800245c                TIM1_TRG_COM_TIM11_IRQHandler
                0x0800245c                OTG_HS_IRQHandler
                0x0800245c                EXTI1_IRQHandler
                0x0800245c                USART2_IRQHandler
                0x0800245c                I2C2_ER_IRQHandler
                0x0800245c                DMA2_Stream1_IRQHandler
                0x0800245c                CAN1_SCE_IRQHandler
                0x0800245c                FLASH_IRQHandler
                0x0800245c                DMA2_Stream4_IRQHandler
                0x0800245c                USART1_IRQHandler
                0x0800245c                SPI3_IRQHandler
                0x0800245c                DMA1_Stream4_IRQHandler
                0x0800245c                I2C1_ER_IRQHandler
                0x0800245c                DMA2_Stream6_IRQHandler
                0x0800245c                DMA1_Stream3_IRQHandler
 .text          0x08002470      0xa80 ..\obj\stm32f4xx_rcc.o
                0x08002470                RCC_DeInit
                0x080024c0                RCC_HSEConfig
                0x080024e4                RCC_WaitForHSEStartUp
                0x08002534                RCC_AdjustHSICalibrationValue
                0x08002570                RCC_HSICmd
                0x08002590                RCC_LSEConfig
                0x080025d0                RCC_LSICmd
                0x080025f0                RCC_PLLConfig
                0x0800262c                RCC_PLLCmd
                0x0800264c                RCC_PLLI2SConfig
                0x08002674                RCC_PLLI2SCmd
                0x08002694                RCC_ClockSecuritySystemCmd
                0x080026b4                RCC_MCO1Config
                0x080026f0                RCC_MCO2Config
                0x0800272c                RCC_SYSCLKConfig
                0x08002764                RCC_GetSYSCLKSource
                0x08002784                RCC_HCLKConfig
                0x080027bc                RCC_PCLK1Config
                0x080027f4                RCC_PCLK2Config
                0x0800282c                RCC_GetClocksFreq
                0x08002980                RCC_RTCCLKConfig
                0x080029dc                RCC_RTCCLKCmd
                0x080029fc                RCC_BackupResetCmd
                0x08002a1c                RCC_I2SCLKConfig
                0x08002a38                RCC_AHB1PeriphClockCmd
                0x08002a74                RCC_AHB2PeriphClockCmd
                0x08002ab0                RCC_AHB3PeriphClockCmd
                0x08002aec                RCC_APB1PeriphClockCmd
                0x08002b28                RCC_APB2PeriphClockCmd
                0x08002b64                RCC_AHB1PeriphResetCmd
                0x08002ba0                RCC_AHB2PeriphResetCmd
                0x08002bdc                RCC_AHB3PeriphResetCmd
                0x08002c18                RCC_APB1PeriphResetCmd
                0x08002c54                RCC_APB2PeriphResetCmd
                0x08002c90                RCC_AHB1PeriphClockLPModeCmd
                0x08002ccc                RCC_AHB2PeriphClockLPModeCmd
                0x08002d08                RCC_AHB3PeriphClockLPModeCmd
                0x08002d44                RCC_APB1PeriphClockLPModeCmd
                0x08002d80                RCC_APB2PeriphClockLPModeCmd
                0x08002dbc                RCC_ITConfig
                0x08002e08                RCC_GetFlagStatus
                0x08002e7c                RCC_ClearFlag
                0x08002e98                RCC_GetITStatus
                0x08002ed0                RCC_ClearITPendingBit
 .text          0x08002ef0     0x1638 ..\obj\usb_core.o
                0x08002fc0                USB_OTG_WritePacket
                0x08003038                USB_OTG_ReadPacket
                0x08003090                USB_OTG_SelectCore
                0x08003204                USB_OTG_CoreInit
                0x080033e0                USB_OTG_EnableGlobalInt
                0x08003418                USB_OTG_DisableGlobalInt
                0x08003450                USB_OTG_FlushTxFifo
                0x080034cc                USB_OTG_FlushRxFifo
                0x0800352c                USB_OTG_SetCurrentMode
                0x0800358c                USB_OTG_GetMode
                0x080035ac                USB_OTG_IsDeviceMode
                0x080035d0                USB_OTG_IsHostMode
                0x080035f4                USB_OTG_ReadCoreItr
                0x08003624                USB_OTG_ReadOtgItr
                0x08003640                USB_OTG_InitDevSpeed
                0x08003678                USB_OTG_CoreInitDev
                0x080038dc                USB_OTG_EnableDevInt
                0x08003974                USB_OTG_GetDeviceSpeed
                0x080039bc                USB_OTG_EP0Activate
                0x08003a34                USB_OTG_EPActivate
                0x08003b10                USB_OTG_EPDeactivate
                0x08003b9c                USB_OTG_EPStartXfer
                0x08003e1c                USB_OTG_EP0StartXfer
                0x08003ff0                USB_OTG_EPSetStall
                0x08004078                USB_OTG_EPClearStall
                0x080040f0                USB_OTG_ReadDevAllOutEp_itr
                0x0800411c                USB_OTG_ReadDevOutEP_itr
                0x08004154                USB_OTG_ReadDevAllInEPItr
                0x08004180                USB_OTG_EP0_OutStart
                0x080041f0                USB_OTG_ActiveRemoteWakeup
                0x0800427c                USB_OTG_UngateClock
                0x080042d0                USB_OTG_StopDevice
                0x08004350                USB_OTG_GetEPStatus
                0x080043fc                USB_OTG_SetEPStatus
 .text          0x08004528      0x168 ..\obj\usbd_desc.o
                0x08004528                USBD_USR_DeviceDescriptor
                0x0800454c                USBD_USR_LangIDStrDescriptor
                0x08004570                USBD_USR_ProductStrDescriptor
                0x080045b0                USBD_USR_ManufacturerStrDescriptor
                0x080045d8                USBD_USR_SerialStrDescriptor
                0x08004618                USBD_USR_ConfigStrDescriptor
                0x08004654                USBD_USR_InterfaceStrDescriptor
 .text          0x08004690      0x1b8 ..\obj\stm32f4_discovery.o
                0x08004690                STM_EVAL_LEDInit
                0x080046ec                STM_EVAL_LEDOn
                0x0800471c                STM_EVAL_LEDOff
                0x0800474c                STM_EVAL_LEDToggle
                0x08004788                STM_EVAL_PBInit
                0x0800481c                STM_EVAL_PBGetState
 .text          0x08004848       0xf0 ..\obj\arm_cfft_radix4_init_f32.o
                0x08004848                arm_cfft_radix4_init_f32
 .text          0x08004938      0x288 ..\obj\system_stm32f4xx.o
                0x08004938                SystemInit
                0x080049a0                SystemCoreClockUpdate
 .text          0x08004bc0      0x574 ..\obj\usb_dcd.o
                0x08004bc0                DCD_Init
                0x08004cc0                DCD_EP_Open
                0x08004d68                DCD_EP_Close
                0x08004dd8                DCD_EP_PrepareRx
                0x08004e5c                DCD_EP_Tx
                0x08004ed4                DCD_EP_Stall
                0x08004f48                DCD_EP_ClrStall
                0x08004fbc                DCD_EP_Flush
                0x08004ff0                DCD_EP_SetAddress
                0x0800502c                DCD_DevConnect
                0x08005058                DCD_DevDisconnect
                0x08005084                DCD_GetEPStatus
                0x080050e0                DCD_SetEPStatus
 .text          0x08005134      0x528 ..\obj\main.o
                0x080051cc                main
                0x080055e8                SysTick_Handler
                0x08005618                OTG_FS_IRQHandler
                0x08005628                OTG_FS_WKUP_IRQHandler
 .text          0x0800565c      0x48c ..\obj\stm32f4xx_gpio.o
                0x0800565c                GPIO_DeInit
                0x0800577c                GPIO_Init
                0x08005898                GPIO_StructInit
                0x080058cc                GPIO_PinLockConfig
                0x08005910                GPIO_ReadInputDataBit
                0x08005944                GPIO_ReadInputData
                0x08005960                GPIO_ReadOutputDataBit
                0x08005994                GPIO_ReadOutputData
                0x080059b0                GPIO_SetBits
                0x080059cc                GPIO_ResetBits
                0x080059e8                GPIO_WriteBit
                0x08005a18                GPIO_Write
                0x08005a34                GPIO_ToggleBits
                0x08005a58                GPIO_PinAFConfig
 .text          0x08005ae8      0x174 ..\obj\usb_bsp.o
                0x08005ae8                USB_OTG_BSP_ConfigVBUS
                0x08005afc                USB_OTG_BSP_DriveVBUS
                0x08005b14                USB_OTG_BSP_Init
                0x08005bc4                USB_OTG_BSP_EnableInterrupt
                0x08005bf4                USB_OTG_BSP_uDelay
                0x08005c3c                USB_OTG_BSP_mDelay
 .text          0x08005c5c      0x188 ..\obj\misc.o
                0x08005c5c                NVIC_PriorityGroupConfig
                0x08005c80                NVIC_Init
                0x08005d40                NVIC_SetVectorTable
                0x08005d6c                NVIC_SystemLPConfig
                0x08005dac                SysTick_CLKSourceConfig
 .text          0x08005de4       0x70 ..\obj\usbd_usr.o
                0x08005de4                USBD_USR_Init
                0x08005df0                USBD_USR_DeviceReset
                0x08005e18                USBD_USR_DeviceConfigured
                0x08005e24                USBD_USR_DeviceConnected
                0x08005e30                USBD_USR_DeviceDisconnected
                0x08005e3c                USBD_USR_DeviceSuspended
                0x08005e48                USBD_USR_DeviceResumed
 .text          0x08005e54      0x3f8 ..\obj\usbd_core.o
                0x08005e54                USBD_Init
                0x08005ea8                USBD_DeInit
                0x080061b4                USBD_SetCfg
                0x080061e4                USBD_ClrCfg
 .text          0x0800624c      0x160 ..\obj\usbd_ioreq.o
                0x0800624c                USBD_CtlSendData
                0x0800628c                USBD_CtlContinueSendData
                0x080062b4                USBD_CtlPrepareRx
                0x080062f4                USBD_CtlContinueRx
                0x0800631c                USBD_CtlSendStatus
                0x0800634c                USBD_CtlReceiveStatus
                0x0800637c                USBD_GetRxCount
 .text          0x080063ac      0x48c ..\obj\usbd_cdc_core.o
 .text          0x08006838      0x21c ..\obj\stm32f4xx_exti.o
                0x08006838                EXTI_DeInit
                0x0800686c                EXTI_Init
                0x08006950                EXTI_StructInit
                0x0800697c                EXTI_GenerateSWInterrupt
                0x080069a0                EXTI_GetFlagStatus
                0x080069d4                EXTI_ClearFlag
                0x080069f0                EXTI_GetITStatus
                0x08006a38                EXTI_ClearITPendingBit
 *fill*         0x08006a54        0x4 
 .text.PDM_Filter_Init
                0x08006a58      0x108 ..\..\..\libpdmfilter_gcc.a(pdm_filter.o)
                0x08006a58                PDM_Filter_Init
 .text.PDM_Filter_64_LSB
                0x08006b60      0x2e4 ..\..\..\libpdmfilter_gcc.a(pdm_filter.o)
                0x08006b60                PDM_Filter_64_LSB
 .text          0x08006e44      0x370 c:/program files/gnu tools arm embedded/4.9 2015q2/bin/../lib/gcc/arm-none-eabi/4.9.3/armv7e-m/softfp\libgcc.a(_arm_addsubdf3.o)
                0x08006e44                __aeabi_drsub
                0x08006e4c                __aeabi_dsub
                0x08006e4c                __subdf3
                0x08006e50                __aeabi_dadd
                0x08006e50                __adddf3
                0x080070c8                __floatunsidf
                0x080070c8                __aeabi_ui2d
                0x080070e8                __floatsidf
                0x080070e8                __aeabi_i2d
                0x0800710c                __aeabi_f2d
                0x0800710c                __extendsfdf2
                0x08007148                __floatundidf
                0x08007148                __aeabi_ul2d
                0x08007158                __floatdidf
                0x08007158                __aeabi_l2d
 .text          0x080071b4      0x424 c:/program files/gnu tools arm embedded/4.9 2015q2/bin/../lib/gcc/arm-none-eabi/4.9.3/armv7e-m/softfp\libgcc.a(_arm_muldivdf3.o)
                0x080071b4                __aeabi_dmul
                0x080071b4                __muldf3
                0x08007408                __divdf3
                0x08007408                __aeabi_ddiv
 .text          0x080075d8       0x40 c:/program files/gnu tools arm embedded/4.9 2015q2/bin/../lib/gcc/arm-none-eabi/4.9.3/armv7e-m/softfp\libgcc.a(_arm_fixunsdfsi.o)
                0x080075d8                __aeabi_d2uiz
                0x080075d8                __fixunsdfsi
 .text          0x08007618      0x2a0 c:/program files/gnu tools arm embedded/4.9 2015q2/bin/../lib/gcc/arm-none-eabi/4.9.3/armv7e-m/softfp\libgcc.a(_arm_muldivsf3.o)
                0x08007618                __mulsf3
                0x08007618                __aeabi_fmul
                0x08007780                __aeabi_fdiv
                0x08007780                __divsf3
 .text          0x080078b8       0xec c:/program files/gnu tools arm embedded/4.9 2015q2/bin/../lib/gcc/arm-none-eabi/4.9.3/armv7e-m/softfp\libgcc.a(_arm_cmpsf2.o)
                0x080078b8                __gesf2
                0x080078b8                __gtsf2
                0x080078c0                __lesf2
                0x080078c0                __ltsf2
                0x080078c8                __nesf2
                0x080078c8                __eqsf2
                0x080078c8                __cmpsf2
                0x08007928                __aeabi_cfrcmple
                0x08007930                __aeabi_cfcmpeq
                0x08007930                __aeabi_cfcmple
                0x08007940                __aeabi_fcmpeq
                0x08007954                __aeabi_fcmplt
                0x08007968                __aeabi_fcmple
                0x0800797c                __aeabi_fcmpge
                0x08007990                __aeabi_fcmpgt
 *(.init)
 *(.fini)
 *crtbegin.o(.ctors)
 *crtbegin?.o(.ctors)
 *(EXCLUDE_FILE(*crtend.o *crtend?.o) .ctors)
 *(SORT(.ctors.*))
 *(.ctors)
 *crtbegin.o(.dtors)
 *crtbegin?.o(.dtors)
 *(EXCLUDE_FILE(*crtend.o *crtend?.o) .dtors)
 *(SORT(.dtors.*))
 *(.dtors)
 *(.rodata*)
 .rodata        0x080079a4     0x4000 ..\obj\arm_rfft_init_f32.o
 .rodata        0x0800b9a4       0x96 ..\obj\usbd_desc.o
 *fill*         0x0800ba3a        0x2 
 .rodata        0x0800ba3c       0x2d ..\obj\stm32f4_discovery.o
                0x0800ba3c                GPIO_PIN
                0x0800ba44                GPIO_CLK
                0x0800ba54                BUTTON_PIN
                0x0800ba58                BUTTON_CLK
                0x0800ba5c                BUTTON_EXTI_LINE
                0x0800ba60                BUTTON_PORT_SOURCE
                0x0800ba64                BUTTON_PIN_SOURCE
                0x0800ba68                BUTTON_IRQn
 *fill*         0x0800ba69        0x3 
 .rodata        0x0800ba6c     0x2000 ..\obj\arm_cfft_radix4_init_f32.o
 .rodata        0x0800da6c      0x380 ..\obj\arm_common_tables.o
                0x0800da6c                armBitRevTable
                0x0800dc6c                armRecipTableQ15
                0x0800dcec                armRecipTableQ31
 .rodata        0x0800ddec        0x3 ..\obj\main.o
 *(.eh_fram e*)

.glue_7         0x0800ddf0        0x0
 .glue_7        0x00000000        0x0 linker stubs

.glue_7t        0x0800ddf0        0x0
 .glue_7t       0x00000000        0x0 linker stubs

.vfp11_veneer   0x0800ddf0        0x0
 .vfp11_veneer  0x00000000        0x0 linker stubs

.v4_bx          0x0800ddf0        0x0
 .v4_bx         0x00000000        0x0 linker stubs

.iplt           0x0800ddf0        0x0
 .iplt          0x00000000        0x0 ..\obj\stm32f4xx_usart.o

.rel.dyn        0x0800ddf0        0x0
 .rel.iplt      0x00000000        0x0 ..\obj\stm32f4xx_usart.o

.ARM.extab
 *(.ARM.extab* .gnu.linkonce.armextab.*)
                0x0800ddf0                __exidx_start = .

.ARM.exidx
 *(.ARM.exidx* .gnu.linkonce.armexidx.*)
                0x0800ddf0                __exidx_end = .
                0x0800ddf0                __etext = .
                0x0800ddef                _sidata = __etext

.data           0x20000000      0x454 load address 0x0800ddef
                0x20000000                __data_start__ = .
                0x20000000                _sdata = __data_start__
 *(vtable)
 *(.data*)
 .data          0x20000000       0x1c ..\obj\usbd_cdc_vcp.o
                0x20000000                linecoding
                0x20000008                VCP_fops
 .data          0x2000001c       0x10 ..\obj\stm32f4xx_rcc.o
 .data          0x2000002c       0x40 ..\obj\usbd_desc.o
                0x2000002c                USR_desc
                0x20000048                USBD_DeviceDesc
                0x2000005c                USBD_DeviceQualifierDesc
                0x20000068                USBD_LangIDDesc
 .data          0x2000006c       0x14 ..\obj\stm32f4_discovery.o
                0x2000006c                GPIO_PORT
                0x2000007c                BUTTON_PORT
 .data          0x20000080       0x14 ..\obj\system_stm32f4xx.o
                0x20000080                SystemCoreClock
                0x20000084                AHBPrescTable
 .data          0x20000094       0x1c ..\obj\usbd_usr.o
                0x20000094                USR_cb
 .data          0x200000b0       0x30 ..\obj\usbd_core.o
                0x200000b0                USBD_DCD_INT_cb
                0x200000dc                USBD_DCD_INT_fops
 .data          0x200000e0       0x74 ..\obj\usbd_cdc_core.o
                0x200000e0                usbd_cdc_CfgDesc
                0x20000128                USBD_CDC_cb
 .data.T0       0x20000154      0x100 ..\..\..\libpdmfilter_gcc.a(pdm_filter.o)
                0x20000154                T0
 .data.T1       0x20000254      0x100 ..\..\..\libpdmfilter_gcc.a(pdm_filter.o)
                0x20000254                T1
 .data.T2       0x20000354      0x100 ..\..\..\libpdmfilter_gcc.a(pdm_filter.o)
                0x20000354                T2
                0x20000454                . = ALIGN (0x4)
                0x20000454                PROVIDE (__preinit_array_start, .)
 *(.preinit_array)
                0x20000454                PROVIDE (__preinit_array_end, .)
                0x20000454                . = ALIGN (0x4)
                0x20000454                PROVIDE (__init_array_start, .)
 *(SORT(.init_array.*))
 *(.init_array)
                0x20000454                PROVIDE (__init_array_end, .)
                0x20000454                . = ALIGN (0x4)
                0x20000454                PROVIDE (__fini_array_start, .)
 *(SORT(.fini_array.*))
 *(.fini_array)
                0x20000454                PROVIDE (__fini_array_end, .)
 *(.jcr*)
                0x20000454                . = ALIGN (0x4)
                0x20000454                __data_end__ = .
                0x20000454                _edata = __data_end__

.igot.plt       0x20000454        0x0 load address 0x0800e244
 .igot.plt      0x00000000        0x0 ..\obj\stm32f4xx_usart.o

.bss            0x20000454     0x4938 load address 0x0800e244
                0x20000454                . = ALIGN (0x4)
                0x20000454                __bss_start__ = .
                0x20000454                _sbss = __bss_start__
 *(.bss*)
 .bss           0x20000454        0xd ..\obj\usbd_req.o
                0x20000454                USBD_ep_status
                0x20000458                USBD_default_cfg
                0x2000045c                USBD_cfg_status
 *fill*         0x20000461        0x3 
 .bss           0x20000464       0x10 ..\obj\stm32f4xx_it.o
                0x20000464                InternalBufferSize
                0x20000468                Data_Status
                0x2000046c                x
                0x20000470                y
 .bss           0x20000474        0x8 ..\obj\main.o
                0x20000474                buf_idx
                0x20000476                buf_idx1
                0x20000478                sw
 .bss           0x2000047c       0x1c ..\obj\usbd_cdc_core.o
                0x20000480                APP_Rx_ptr_in
                0x20000484                APP_Rx_ptr_out
                0x20000488                APP_Rx_length
                0x2000048c                USB_Tx_State
 .bss.stm32_crc
                0x20000498        0x4 ..\..\..\libpdmfilter_gcc.a(pdm_filter.o)
                0x20000498                stm32_crc
 *(COMMON)
 COMMON         0x2000049c       0x32 ..\obj\usbd_req.o
                0x2000049c                USBD_StrDesc
 *fill*         0x200004ce        0x2 
 COMMON         0x200004d0       0x98 ..\obj\usbd_cdc_vcp.o
                0x200004d0                APP_Tx_Buffer
                0x20000550                APP_tx_ptr_tail
                0x20000554                USART_InitStructure
                0x20000564                APP_tx_ptr_head
 COMMON         0x20000568     0x2798 ..\obj\main.o
                0x20000568                PDM_Input_Buffer
                0x200005e8                ticker
                0x200005ec                f
                0x200005f0                buffer_input1
                0x200015f0                S
                0x20001608                text
                0x2000166c                mode
                0x20001670                AudioRecBuf
                0x20001674                Filter
                0x200016a8                WriteBuf
                0x200016ac                f2
                0x200016b0                downTicker
                0x200016b4                maxvalue
                0x200016b8                buffer_input
                0x200026b8                USB_OTG_dev
                0x20002ca8                S_CFFT
                0x20002cbc                PCM_Output_Buffer1
                0x20002cdc                PCM_Output_Buffer
                0x20002cfc                maxvalueindex
 COMMON         0x20002d00     0x208c ..\obj\usbd_cdc_core.o
                0x20002d00                usbd_cdc_OtherCfgDesc
                0x20002d44                USB_Rx_Buffer
                0x20002d84                CmdBuff
                0x20002d8c                APP_Rx_Buffer
                0x20004d8c                . = ALIGN (0x4)
                0x20004d8c                __bss_end__ = .
                0x20004d8c                _ebss = __bss_end__

.heap           0x20004d8c        0x0
                0x20004d8c                __end__ = .
                0x20004d8c                _end = __end__
                0x20004d8c                end = __end__
 *(.heap*)
                0x20004d8c                __HeapLimit = .

.co_stack       0x20004d8c      0x804 load address 0x08012b7c
                0x20004d90                . = ALIGN (0x8)
 *fill*         0x20004d8c        0x4 
 *(.co_stack .co_stack.*)
 .co_stack      0x20004d90      0x800 ..\obj\startup_stm32f4xx.o
                0x20004d90                pulStack
                0x20020000                __StackTop = (ORIGIN (ram) + 0x20000)
                0x2001f7fc                __StackLimit = (__StackTop - SIZEOF (.co_stack))
                0x20020000                PROVIDE (__stack, __StackTop)
                0x00000001                ASSERT ((__StackLimit >= __HeapLimit), region ram  overflowed with stack)
LOAD ..\obj\stm32f4xx_usart.o
LOAD ..\obj\usbd_req.o
LOAD ..\obj\usbd_cdc_vcp.o
LOAD ..\obj\usb_dcd_int.o
LOAD ..\obj\arm_max_f32.o
LOAD ..\obj\fonts.o
LOAD ..\obj\stm32f4xx_spi.o
LOAD ..\obj\stm32f4xx_it.o
LOAD ..\obj\syscalls.o
LOAD ..\obj\arm_rfft_init_f32.o
LOAD ..\obj\stm32f4xx_syscfg.o
LOAD ..\obj\startup_stm32f4xx.o
LOAD ..\obj\stm32f4xx_rcc.o
LOAD ..\obj\usb_core.o
LOAD ..\obj\usbd_desc.o
LOAD ..\obj\stm32f4_discovery.o
LOAD ..\obj\arm_cfft_radix4_init_f32.o
LOAD ..\obj\system_stm32f4xx.o
LOAD ..\obj\stm32f4_discovery_lcd.o
LOAD ..\obj\arm_common_tables.o
LOAD ..\obj\arm_cmplx_mag_f32.o
LOAD ..\obj\usb_dcd.o
LOAD ..\obj\main.o
LOAD ..\obj\stm32f4xx_gpio.o
LOAD ..\obj\stm32f4xx_dma.o
LOAD ..\obj\arm_rfft_f32.o
LOAD ..\obj\stm32f4xx_fsmc.o
LOAD ..\obj\usb_bsp.o
LOAD ..\obj\stm32f4xx_crc.o
LOAD ..\obj\misc.o
LOAD ..\obj\usbd_usr.o
LOAD ..\obj\usbd_core.o
LOAD ..\obj\usbd_ioreq.o
LOAD ..\obj\usbd_cdc_core.o
LOAD ..\obj\stm32f4xx_exti.o
LOAD ..\obj\arm_cfft_radix4_f32.o
LOAD ..\..\..\libpdmfilter_gcc.a
LOAD c:/program files/gnu tools arm embedded/4.9 2015q2/bin/../lib/gcc/arm-none-eabi/4.9.3/../../../../arm-none-eabi/lib/armv7e-m/softfp\libm.a
LOAD c:/program files/gnu tools arm embedded/4.9 2015q2/bin/../lib/gcc/arm-none-eabi/4.9.3/armv7e-m/softfp\libgcc.a
LOAD c:/program files/gnu tools arm embedded/4.9 2015q2/bin/../lib/gcc/arm-none-eabi/4.9.3/../../../../arm-none-eabi/lib/armv7e-m/softfp\libc.a
START GROUP
LOAD c:/program files/gnu tools arm embedded/4.9 2015q2/bin/../lib/gcc/arm-none-eabi/4.9.3/armv7e-m/softfp\libgcc.a
LOAD c:/program files/gnu tools arm embedded/4.9 2015q2/bin/../lib/gcc/arm-none-eabi/4.9.3/../../../../arm-none-eabi/lib/armv7e-m/softfp\libg.a
LOAD c:/program files/gnu tools arm embedded/4.9 2015q2/bin/../lib/gcc/arm-none-eabi/4.9.3/../../../../arm-none-eabi/lib/armv7e-m/softfp\libc.a
END GROUP
OUTPUT(DevKit407_AudioSpectrumAnalyzer.elf elf32-littlearm)

.debug_info     0x00000000    0x100de
 .debug_info    0x00000000      0xf9b ..\obj\usbd_req.o
 .debug_info    0x00000f9b      0x4ae ..\obj\usbd_cdc_vcp.o
 .debug_info    0x00001449     0x1d6d ..\obj\usb_dcd_int.o
 .debug_info    0x000031b6      0xb07 ..\obj\stm32f4xx_spi.o
 .debug_info    0x00003cbd      0x3d9 ..\obj\stm32f4xx_it.o
 .debug_info    0x00004096      0x2de ..\obj\arm_rfft_init_f32.o
 .debug_info    0x00004374      0x26c ..\obj\stm32f4xx_syscfg.o
 .debug_info    0x000045e0       0xed ..\obj\startup_stm32f4xx.o
 .debug_info    0x000046cd      0xc4d ..\obj\stm32f4xx_rcc.o
 .debug_info    0x0000531a     0x251b ..\obj\usb_core.o
 .debug_info    0x00007835      0x363 ..\obj\usbd_desc.o
 .debug_info    0x00007b98      0x889 ..\obj\stm32f4_discovery.o
 .debug_info    0x00008421      0x239 ..\obj\arm_cfft_radix4_init_f32.o
 .debug_info    0x0000865a      0x592 ..\obj\system_stm32f4xx.o
 .debug_info    0x00008bec      0x14f ..\obj\arm_common_tables.o
 .debug_info    0x00008d3b     0x101f ..\obj\usb_dcd.o
 .debug_info    0x00009d5a     0x18f1 ..\obj\main.o
 .debug_info    0x0000b64b      0x602 ..\obj\stm32f4xx_gpio.o
 .debug_info    0x0000bc4d     0x1004 ..\obj\usb_bsp.o
 .debug_info    0x0000cc51      0x53d ..\obj\misc.o
 .debug_info    0x0000d18e      0x1cb ..\obj\usbd_usr.o
 .debug_info    0x0000d359      0xe95 ..\obj\usbd_core.o
 .debug_info    0x0000e1ee      0xcb7 ..\obj\usbd_ioreq.o
 .debug_info    0x0000eea5      0xef2 ..\obj\usbd_cdc_core.o
 .debug_info    0x0000fd97      0x347 ..\obj\stm32f4xx_exti.o

.debug_abbrev   0x00000000     0x28e6
 .debug_abbrev  0x00000000      0x293 ..\obj\usbd_req.o
 .debug_abbrev  0x00000293      0x189 ..\obj\usbd_cdc_vcp.o
 .debug_abbrev  0x0000041c      0x25b ..\obj\usb_dcd_int.o
 .debug_abbrev  0x00000677      0x167 ..\obj\stm32f4xx_spi.o
 .debug_abbrev  0x000007de      0x17f ..\obj\stm32f4xx_it.o
 .debug_abbrev  0x0000095d       0xee ..\obj\arm_rfft_init_f32.o
 .debug_abbrev  0x00000a4b      0x131 ..\obj\stm32f4xx_syscfg.o
 .debug_abbrev  0x00000b7c       0xb0 ..\obj\startup_stm32f4xx.o
 .debug_abbrev  0x00000c2c      0x1e3 ..\obj\stm32f4xx_rcc.o
 .debug_abbrev  0x00000e0f      0x2e7 ..\obj\usb_core.o
 .debug_abbrev  0x000010f6      0x12c ..\obj\usbd_desc.o
 .debug_abbrev  0x00001222      0x183 ..\obj\stm32f4_discovery.o
 .debug_abbrev  0x000013a5      0x108 ..\obj\arm_cfft_radix4_init_f32.o
 .debug_abbrev  0x000014ad      0x136 ..\obj\system_stm32f4xx.o
 .debug_abbrev  0x000015e3       0x68 ..\obj\arm_common_tables.o
 .debug_abbrev  0x0000164b      0x259 ..\obj\usb_dcd.o
 .debug_abbrev  0x000018a4      0x2cc ..\obj\main.o
 .debug_abbrev  0x00001b70      0x1a3 ..\obj\stm32f4xx_gpio.o
 .debug_abbrev  0x00001d13      0x22b ..\obj\usb_bsp.o
 .debug_abbrev  0x00001f3e      0x145 ..\obj\misc.o
 .debug_abbrev  0x00002083       0xdd ..\obj\usbd_usr.o
 .debug_abbrev  0x00002160      0x21d ..\obj\usbd_core.o
 .debug_abbrev  0x0000237d      0x1af ..\obj\usbd_ioreq.o
 .debug_abbrev  0x0000252c      0x215 ..\obj\usbd_cdc_core.o
 .debug_abbrev  0x00002741      0x1a5 ..\obj\stm32f4xx_exti.o

.debug_aranges  0x00000000      0x318
 .debug_aranges
                0x00000000       0x20 ..\obj\usbd_req.o
 .debug_aranges
                0x00000020       0x20 ..\obj\usbd_cdc_vcp.o
 .debug_aranges
                0x00000040       0x20 ..\obj\usb_dcd_int.o
 .debug_aranges
                0x00000060       0x20 ..\obj\stm32f4xx_spi.o
 .debug_aranges
                0x00000080       0x20 ..\obj\stm32f4xx_it.o
 .debug_aranges
                0x000000a0       0x20 ..\obj\arm_rfft_init_f32.o
 .debug_aranges
                0x000000c0       0x20 ..\obj\stm32f4xx_syscfg.o
 .debug_aranges
                0x000000e0       0x20 ..\obj\startup_stm32f4xx.o
 .debug_aranges
                0x00000100       0x20 ..\obj\stm32f4xx_rcc.o
 .debug_aranges
                0x00000120       0x20 ..\obj\usb_core.o
 .debug_aranges
                0x00000140       0x20 ..\obj\usbd_desc.o
 .debug_aranges
                0x00000160       0x20 ..\obj\stm32f4_discovery.o
 .debug_aranges
                0x00000180       0x20 ..\obj\arm_cfft_radix4_init_f32.o
 .debug_aranges
                0x000001a0       0x20 ..\obj\system_stm32f4xx.o
 .debug_aranges
                0x000001c0       0x18 ..\obj\arm_common_tables.o
 .debug_aranges
                0x000001d8       0x20 ..\obj\usb_dcd.o
 .debug_aranges
                0x000001f8       0x20 ..\obj\main.o
 .debug_aranges
                0x00000218       0x20 ..\obj\stm32f4xx_gpio.o
 .debug_aranges
                0x00000238       0x20 ..\obj\usb_bsp.o
 .debug_aranges
                0x00000258       0x20 ..\obj\misc.o
 .debug_aranges
                0x00000278       0x20 ..\obj\usbd_usr.o
 .debug_aranges
                0x00000298       0x20 ..\obj\usbd_core.o
 .debug_aranges
                0x000002b8       0x20 ..\obj\usbd_ioreq.o
 .debug_aranges
                0x000002d8       0x20 ..\obj\usbd_cdc_core.o
 .debug_aranges
                0x000002f8       0x20 ..\obj\stm32f4xx_exti.o

.debug_line     0x00000000     0x3df2
 .debug_line    0x00000000      0x358 ..\obj\usbd_req.o
 .debug_line    0x00000358      0x2aa ..\obj\usbd_cdc_vcp.o
 .debug_line    0x00000602      0x305 ..\obj\usb_dcd_int.o
 .debug_line    0x00000907      0x320 ..\obj\stm32f4xx_spi.o
 .debug_line    0x00000c27      0x1ec ..\obj\stm32f4xx_it.o
 .debug_line    0x00000e13      0x196 ..\obj\arm_rfft_init_f32.o
 .debug_line    0x00000fa9      0x1df ..\obj\stm32f4xx_syscfg.o
 .debug_line    0x00001188       0x98 ..\obj\startup_stm32f4xx.o
 .debug_line    0x00001220      0x37f ..\obj\stm32f4xx_rcc.o
 .debug_line    0x0000159f      0x516 ..\obj\usb_core.o
 .debug_line    0x00001ab5      0x1eb ..\obj\usbd_desc.o
 .debug_line    0x00001ca0      0x26c ..\obj\stm32f4_discovery.o
 .debug_line    0x00001f0c      0x1bb ..\obj\arm_cfft_radix4_init_f32.o
 .debug_line    0x000020c7      0x1ea ..\obj\system_stm32f4xx.o
 .debug_line    0x000022b1      0x16a ..\obj\arm_common_tables.o
 .debug_line    0x0000241b      0x293 ..\obj\usb_dcd.o
 .debug_line    0x000026ae      0x49b ..\obj\main.o
 .debug_line    0x00002b49      0x2a2 ..\obj\stm32f4xx_gpio.o
 .debug_line    0x00002deb      0x28d ..\obj\usb_bsp.o
 .debug_line    0x00003078      0x21d ..\obj\misc.o
 .debug_line    0x00003295      0x1c8 ..\obj\usbd_usr.o
 .debug_line    0x0000345d      0x2a3 ..\obj\usbd_core.o
 .debug_line    0x00003700      0x203 ..\obj\usbd_ioreq.o
 .debug_line    0x00003903      0x299 ..\obj\usbd_cdc_core.o
 .debug_line    0x00003b9c      0x256 ..\obj\stm32f4xx_exti.o

.debug_str      0x00000000     0x4356
 .debug_str     0x00000000      0x96a ..\obj\usbd_req.o
                                0xb0f (size before relaxing)
 .debug_str     0x0000096a      0x239 ..\obj\usbd_cdc_vcp.o
                                0x3c9 (size before relaxing)
 .debug_str     0x00000ba3      0x7cf ..\obj\usb_dcd_int.o
                               0x129c (size before relaxing)
 .debug_str     0x00001372      0x4f3 ..\obj\stm32f4xx_spi.o
                                0x69d (size before relaxing)
 .debug_str     0x00001865      0x17b ..\obj\stm32f4xx_it.o
                                0x389 (size before relaxing)
 .debug_str     0x000019e0      0x21e ..\obj\arm_rfft_init_f32.o
                                0x393 (size before relaxing)
 .debug_str     0x00001bfe      0x164 ..\obj\stm32f4xx_syscfg.o
                                0x307 (size before relaxing)
 .debug_str     0x00001d62       0xb1 ..\obj\startup_stm32f4xx.o
                                0x15a (size before relaxing)
 .debug_str     0x00001e13      0x572 ..\obj\stm32f4xx_rcc.o
                                0x863 (size before relaxing)
 .debug_str     0x00002385      0x6ed ..\obj\usb_core.o
                               0x169e (size before relaxing)
 .debug_str     0x00002a72      0x152 ..\obj\usbd_desc.o
                                0x397 (size before relaxing)
 .debug_str     0x00002bc4      0x9aa ..\obj\stm32f4_discovery.o
                                0xb42 (size before relaxing)
 .debug_str     0x0000356e       0x8f ..\obj\arm_cfft_radix4_init_f32.o
                                0x314 (size before relaxing)
 .debug_str     0x000035fd       0xc5 ..\obj\system_stm32f4xx.o
                                0x3bd (size before relaxing)
 .debug_str     0x000036c2       0x86 ..\obj\arm_common_tables.o
                                0x1fc (size before relaxing)
 .debug_str     0x00003748      0x110 ..\obj\usb_dcd.o
                                0xb3e (size before relaxing)
 .debug_str     0x00003858      0x238 ..\obj\main.o
                               0x15bc (size before relaxing)
 .debug_str     0x00003a90      0x19e ..\obj\stm32f4xx_gpio.o
                                0x4b6 (size before relaxing)
 .debug_str     0x00003c2e       0xcc ..\obj\usb_bsp.o
                               0x10e5 (size before relaxing)
 .debug_str     0x00003cfa      0x114 ..\obj\misc.o
                                0x3e1 (size before relaxing)
 .debug_str     0x00003e0e       0xdf ..\obj\usbd_usr.o
                                0x2be (size before relaxing)
 .debug_str     0x00003eed      0x10b ..\obj\usbd_core.o
                                0xae4 (size before relaxing)
 .debug_str     0x00003ff8       0xcb ..\obj\usbd_ioreq.o
                                0x9ce (size before relaxing)
 .debug_str     0x000040c3      0x192 ..\obj\usbd_cdc_core.o
                                0xb2c (size before relaxing)
 .debug_str     0x00004255      0x101 ..\obj\stm32f4xx_exti.o
                                0x36c (size before relaxing)

.comment        0x00000000       0xd1
 .comment       0x00000000       0x70 ..\obj\usbd_req.o
                                 0x71 (size before relaxing)
 .comment       0x00000000       0x71 ..\obj\usbd_cdc_vcp.o
 .comment       0x00000000       0x71 ..\obj\usb_dcd_int.o
 .comment       0x00000000       0x71 ..\obj\stm32f4xx_spi.o
 .comment       0x00000000       0x71 ..\obj\stm32f4xx_it.o
 .comment       0x00000000       0x71 ..\obj\arm_rfft_init_f32.o
 .comment       0x00000000       0x71 ..\obj\stm32f4xx_syscfg.o
 .comment       0x00000000       0x71 ..\obj\startup_stm32f4xx.o
 .comment       0x00000000       0x71 ..\obj\stm32f4xx_rcc.o
 .comment       0x00000000       0x71 ..\obj\usb_core.o
 .comment       0x00000000       0x71 ..\obj\usbd_desc.o
 .comment       0x00000000       0x71 ..\obj\stm32f4_discovery.o
 .comment       0x00000000       0x71 ..\obj\arm_cfft_radix4_init_f32.o
 .comment       0x00000000       0x71 ..\obj\system_stm32f4xx.o
 .comment       0x00000000       0x71 ..\obj\arm_common_tables.o
 .comment       0x00000000       0x71 ..\obj\usb_dcd.o
 .comment       0x00000000       0x71 ..\obj\main.o
 .comment       0x00000000       0x71 ..\obj\stm32f4xx_gpio.o
 .comment       0x00000000       0x71 ..\obj\usb_bsp.o
 .comment       0x00000000       0x71 ..\obj\misc.o
 .comment       0x00000000       0x71 ..\obj\usbd_usr.o
 .comment       0x00000000       0x71 ..\obj\usbd_core.o
 .comment       0x00000000       0x71 ..\obj\usbd_ioreq.o
 .comment       0x00000000       0x71 ..\obj\usbd_cdc_core.o
 .comment       0x00000000       0x71 ..\obj\stm32f4xx_exti.o
 .comment       0x00000070       0x61 ..\..\..\libpdmfilter_gcc.a(pdm_filter.o)
                                 0x62 (size before relaxing)

.ARM.attributes
                0x00000000       0x37
 .ARM.attributes
                0x00000000       0x37 ..\obj\usbd_req.o
 .ARM.attributes
                0x00000037       0x37 ..\obj\usbd_cdc_vcp.o
 .ARM.attributes
                0x0000006e       0x37 ..\obj\usb_dcd_int.o
 .ARM.attributes
                0x000000a5       0x37 ..\obj\stm32f4xx_spi.o
 .ARM.attributes
                0x000000dc       0x37 ..\obj\stm32f4xx_it.o
 .ARM.attributes
                0x00000113       0x37 ..\obj\arm_rfft_init_f32.o
 .ARM.attributes
                0x0000014a       0x37 ..\obj\stm32f4xx_syscfg.o
 .ARM.attributes
                0x00000181       0x37 ..\obj\startup_stm32f4xx.o
 .ARM.attributes
                0x000001b8       0x37 ..\obj\stm32f4xx_rcc.o
 .ARM.attributes
                0x000001ef       0x37 ..\obj\usb_core.o
 .ARM.attributes
                0x00000226       0x37 ..\obj\usbd_desc.o
 .ARM.attributes
                0x0000025d       0x37 ..\obj\stm32f4_discovery.o
 .ARM.attributes
                0x00000294       0x37 ..\obj\arm_cfft_radix4_init_f32.o
 .ARM.attributes
                0x000002cb       0x37 ..\obj\system_stm32f4xx.o
 .ARM.attributes
                0x00000302       0x37 ..\obj\arm_common_tables.o
 .ARM.attributes
                0x00000339       0x37 ..\obj\usb_dcd.o
 .ARM.attributes
                0x00000370       0x37 ..\obj\main.o
 .ARM.attributes
                0x000003a7       0x37 ..\obj\stm32f4xx_gpio.o
 .ARM.attributes
                0x000003de       0x37 ..\obj\usb_bsp.o
 .ARM.attributes
                0x00000415       0x37 ..\obj\misc.o
 .ARM.attributes
                0x0000044c       0x37 ..\obj\usbd_usr.o
 .ARM.attributes
                0x00000483       0x37 ..\obj\usbd_core.o
 .ARM.attributes
                0x000004ba       0x37 ..\obj\usbd_ioreq.o
 .ARM.attributes
                0x000004f1       0x37 ..\obj\usbd_cdc_core.o
 .ARM.attributes
                0x00000528       0x37 ..\obj\stm32f4xx_exti.o
 .ARM.attributes
                0x0000055f       0x31 ..\..\..\libpdmfilter_gcc.a(pdm_filter.o)
 .ARM.attributes
                0x00000590       0x22 c:/program files/gnu tools arm embedded/4.9 2015q2/bin/../lib/gcc/arm-none-eabi/4.9.3/armv7e-m/softfp\libgcc.a(_arm_addsubdf3.o)
 .ARM.attributes
                0x000005b2       0x22 c:/program files/gnu tools arm embedded/4.9 2015q2/bin/../lib/gcc/arm-none-eabi/4.9.3/armv7e-m/softfp\libgcc.a(_arm_muldivdf3.o)
 .ARM.attributes
                0x000005d4       0x22 c:/program files/gnu tools arm embedded/4.9 2015q2/bin/../lib/gcc/arm-none-eabi/4.9.3/armv7e-m/softfp\libgcc.a(_arm_fixunsdfsi.o)
 .ARM.attributes
                0x000005f6       0x22 c:/program files/gnu tools arm embedded/4.9 2015q2/bin/../lib/gcc/arm-none-eabi/4.9.3/armv7e-m/softfp\libgcc.a(_arm_muldivsf3.o)
 .ARM.attributes
                0x00000618       0x22 c:/program files/gnu tools arm embedded/4.9 2015q2/bin/../lib/gcc/arm-none-eabi/4.9.3/armv7e-m/softfp\libgcc.a(_arm_cmpsf2.o)

.debug_frame    0x00000000     0x2910
 .debug_frame   0x00000000      0x210 ..\obj\usbd_req.o
 .debug_frame   0x00000210      0x1a4 ..\obj\usbd_cdc_vcp.o
 .debug_frame   0x000003b4      0x1e8 ..\obj\usb_dcd_int.o
 .debug_frame   0x0000059c      0x3f4 ..\obj\stm32f4xx_spi.o
 .debug_frame   0x00000990      0x114 ..\obj\stm32f4xx_it.o
 .debug_frame   0x00000aa4       0x34 ..\obj\arm_rfft_init_f32.o
 .debug_frame   0x00000ad8       0xf4 ..\obj\stm32f4xx_syscfg.o
 .debug_frame   0x00000bcc       0x4c ..\obj\startup_stm32f4xx.o
 .debug_frame   0x00000c18      0x6d4 ..\obj\stm32f4xx_rcc.o
 .debug_frame   0x000012ec      0x584 ..\obj\usb_core.o
 .debug_frame   0x00001870      0x114 ..\obj\usbd_desc.o
 .debug_frame   0x00001984       0xf4 ..\obj\stm32f4_discovery.o
 .debug_frame   0x00001a78       0x38 ..\obj\arm_cfft_radix4_init_f32.o
 .debug_frame   0x00001ab0       0x7c ..\obj\system_stm32f4xx.o
 .debug_frame   0x00001b2c      0x1e8 ..\obj\usb_dcd.o
 .debug_frame   0x00001d14      0x164 ..\obj\main.o
 .debug_frame   0x00001e78      0x23c ..\obj\stm32f4xx_gpio.o
 .debug_frame   0x000020b4       0xf4 ..\obj\usb_bsp.o
 .debug_frame   0x000021a8       0xd8 ..\obj\misc.o
 .debug_frame   0x00002280       0xf8 ..\obj\usbd_usr.o
 .debug_frame   0x00002378      0x1e8 ..\obj\usbd_core.o
 .debug_frame   0x00002560      0x110 ..\obj\usbd_ioreq.o
 .debug_frame   0x00002670      0x158 ..\obj\usbd_cdc_core.o
 .debug_frame   0x000027c8      0x148 ..\obj\stm32f4xx_exti.o
